Signaling server running on port 3000
User connected: rydvOO7KBSljKR4oAAAA
User rydvOO7KBSljKR4oAAAA joined room 1212
User connected: Q6zMzUebYGVfi7ZsAAAB
User Q6zMzUebYGVfi7ZsAAAB joined room 1212
User connected: tdzLxnkIoBZHMCFqAAAC
User tdzLxnkIoBZHMCFqAAAC joined room 1212
User connected: qHDzDwoJy6aIHQWiAAAD
User qHDzDwoJy6aIHQWiAAAD joined room 1212
User connected: E08_mwS4JGrSlF7-AAAE
User E08_mwS4JGrSlF7-AAAE joined room 1212
User disconnected: rydvOO7KBSljKR4oAAAA
User disconnected: Q6zMzUebYGVfi7ZsAAAB
User disconnected: E08_mwS4JGrSlF7-AAAE
User connected: AHkLKsvpMi6HM5FDAAAF
User AHkLKsvpMi6HM5FDAAAF joined room 1321
User disconnected: tdzLxnkIoBZHMCFqAAAC
User disconnected: qHDzDwoJy6aIHQWiAAAD
User connected: VYu4sKmAkqT_OiG4AAAG
User VYu4sKmAkqT_OiG4AAAG joined room 1321
User disconnected: AHkLKsvpMi6HM5FDAAAF
User connected: f4jAIiMDf0R06m5rAAAH
User f4jAIiMDf0R06m5rAAAH joined room 1321
User disconnected: VYu4sKmAkqT_OiG4AAAG
User connected: FIaCICZ89Kr5RbsgAAAI
User FIaCICZ89Kr5RbsgAAAI joined room 1321
User connected: mkv0N4UnekSNVuqHAAAJ
User mkv0N4UnekSNVuqHAAAJ joined room 1321
User connected: 3LZIDzIENvC7QMzAAAAK
User 3LZIDzIENvC7QMzAAAAK joined room 1321
User disconnected: FIaCICZ89Kr5RbsgAAAI
User connected: phHPBekljh5DQqNoAAAL
User phHPBekljh5DQqNoAAAL joined room 1321
User connected: A03K8Qq6I8bD0o7zAAAM
User A03K8Qq6I8bD0o7zAAAM joined room 1321
User connected: BiwG38bwe5EHuzHWAAAN
User BiwG38bwe5EHuzHWAAAN joined room 1321
User disconnected: BiwG38bwe5EHuzHWAAAN
User disconnected: phHPBekljh5DQqNoAAAL
User connected: 5SvzfU3QHEPlnAxZAAAO
User 5SvzfU3QHEPlnAxZAAAO joined room 147852
User disconnected: f4jAIiMDf0R06m5rAAAH
User disconnected: mkv0N4UnekSNVuqHAAAJ
User disconnected: 3LZIDzIENvC7QMzAAAAK
User disconnected: A03K8Qq6I8bD0o7zAAAM
User connected: GJzWCrsto8EC4geNAAAP
User GJzWCrsto8EC4geNAAAP joined room 147852
User disconnected: 5SvzfU3QHEPlnAxZAAAO
User disconnected: GJzWCrsto8EC4geNAAAP
User connected: S5nIhEc6HTIKEe1IAAAQ
User S5nIhEc6HTIKEe1IAAAQ joined room 741852
User connected: WTHPOqu0IoFW8l7VAAAR
User WTHPOqu0IoFW8l7VAAAR joined room 741852
